// Jest Snapshot v1, https://goo.gl/fbAQLP

exports[`NavigationItem test 1`] = `[Function]`;
